python : 2025-10-12 08:01:38,072 - INFO - ≡ƒÄ» Testing zero-day attack: MITM
At line:1 char:1
+ python -c "
+ ~~~~~~~~~~~
    + CategoryInfo          : NotSpecified: (2025-10-12 08:0...ay attack: MITM:String) [], RemoteException
    + FullyQualifiedErrorId : NativeCommandError
 
2025-10-12 08:01:38,072 - INFO - ≡ƒöÉ Initializing Edge-IIoTset Federated Learning System
2025-10-12 08:01:38,167 - INFO - Γ£à System initialization completed
2025-10-12 08:01:38,167 - INFO - ≡ƒÜÇ Starting complete Edge-IIoTset federated learning system...
2025-10-12 08:01:38,167 - INFO - ≡ƒôè Preprocessing Edge-IIoTset dataset...
2025-10-12 08:01:38,167 - INFO - Preprocessing Edge-IIoTset dataset...
2025-10-12 08:01:38,167 - INFO - ≡ƒÜÇ Starting Edge-IIoTset preprocessing pipeline...
2025-10-12 08:01:38,167 - INFO - ≡ƒÄ» Zero-day attack simulation: MITM
2025-10-12 08:01:38,167 - INFO - Loading Edge-IIoTset dataset from ../DNN-EdgeIIoT-dataset.csv
2025-10-12 08:01:52,434 - INFO - Γ£à Dataset loaded successfully: (2219201, 63)
2025-10-12 08:01:55,579 - INFO - Memory usage: 3847.1 MB
2025-10-12 08:01:55,579 - INFO - ≡ƒº╣ Cleaning Edge-IIoTset dataset...
2025-10-12 08:02:05,157 - INFO - Data cleaning completed: (2219201, 63) ΓåÆ (2218386, 63)
2025-10-12 08:02:05,157 - INFO - Removed 815 rows
2025-10-12 08:02:05,259 - INFO - ≡ƒöº Performing feature engineering...
2025-10-12 08:02:05,259 - INFO - ≡ƒùæ∩╕Å Dropping frame.time column to avoid parsing issues...
2025-10-12 08:02:06,381 - INFO - Feature engineering completed. New shape: (2218386, 67)
2025-10-12 08:02:06,496 - INFO - ≡ƒÄ» Selecting features for intrusion detection...
2025-10-12 08:02:07,709 - INFO - Selected 61 features
2025-10-12 08:02:07,709 - INFO - Features: ['arp.opcode', 'arp.hw.size', 'icmp.checksum', 'icmp.seq_le', 
'icmp.transmit_timestamp', 'icmp.unused', 'http.file_data', 'http.content_length', 'http.request.uri.query', 
'http.request.method']...
2025-10-12 08:02:07,798 - INFO - ≡ƒÄ» Creating zero-day attack split for: MITM
2025-10-12 08:02:09,027 - INFO - Zero-day split created:
2025-10-12 08:02:09,027 - INFO -   Training samples: 2217986 (excluding MITM)
2025-10-12 08:02:09,027 - INFO -   Test samples: 800 (only MITM + normal)
2025-10-12 08:02:09,027 - INFO -   Zero-day attack samples: 400
2025-10-12 08:02:09,076 - INFO - ≡ƒöó Encoding categorical features...
2025-10-12 08:02:11,889 - INFO - Encoded 14 categorical features
2025-10-12 08:02:11,889 - INFO - ≡ƒöó Encoding categorical features...
2025-10-12 08:02:11,896 - INFO - Encoded 14 categorical features
2025-10-12 08:02:11,896 - INFO - ΓÜû∩╕Å Handling class imbalance...
2025-10-12 08:02:11,902 - INFO - Class distribution: {0: 1615643, 1: 602343}
2025-10-12 08:02:11,902 - INFO - Imbalance ratio: 2.68
2025-10-12 08:02:14,304 - INFO - ≡ƒôÅ Scaling features...
2025-10-12 08:02:15,401 - INFO - Feature scaling completed
2025-10-12 08:02:15,517 - INFO - Zero-day attack statistics:
2025-10-12 08:02:15,517 - INFO -   Attack type: MITM
2025-10-12 08:02:15,517 - INFO -   Samples: 400
2025-10-12 08:02:15,517 - INFO -   Percentage of attacks: 0.1%
2025-10-12 08:02:15,517 - INFO - Γ£à Edge-IIoTset preprocessing completed successfully!
2025-10-12 08:02:15,517 - INFO - Final dataset shape: 1996187 train, 221799 val, 800 test
2025-10-12 08:02:15,517 - INFO - Features: 61
2025-10-12 08:02:15,517 - INFO - Attack types: 15
2025-10-12 08:02:15,517 - INFO - Zero-day attack: MITM
2025-10-12 08:02:15,672 - INFO - Γ£à Data preprocessing completed successfully!
2025-10-12 08:02:15,672 - INFO - Training samples: 1996187
2025-10-12 08:02:15,672 - INFO - Validation samples: 221799
2025-10-12 08:02:15,672 - INFO - Test samples: 800
2025-10-12 08:02:15,672 - INFO - Features: 61
2025-10-12 08:02:15,672 - INFO - Attack types: 15
2025-10-12 08:02:15,672 - INFO - ≡ƒöº Setting up federated learning...
2025-10-12 08:02:15,672 - INFO - Setting up federated learning with blockchain services...
2025-10-12 08:02:15,672 - INFO - ≡ƒöù Initializing blockchain configuration...
2025-10-12 08:02:15,672 - INFO - ≡ƒîÉ Initializing blockchain and IPFS integration...
2025-10-12 08:02:17,758 - INFO - IPFS client connected to http://localhost:5001 (version: 0.24.0)
2025-10-12 08:02:19,861 - INFO - Account 0x2e988A386a799F506693793c6A5AF6B54dfAaBfB has no funds, using first Ganache 
account
2025-10-12 08:02:19,877 - INFO - Using first Ganache account: 0x154154dD432c5a9011f1723A26EDE478c66ea6dc
2025-10-12 08:02:19,878 - INFO - Contract initialized with deployed ABI: 0x1234567890123456789012345678901234567890
2025-10-12 08:02:19,878 - INFO - Ethereum client connected to http://localhost:8545
2025-10-12 08:02:19,878 - INFO - Account: 0x2e988A386a799F506693793c6A5AF6B54dfAaBfB
2025-10-12 08:02:19,878 - INFO - Contract: 0x1234567890123456789012345678901234567890
2025-10-12 08:02:19,878 - INFO - Blockchain and IPFS integration initialized
2025-10-12 08:02:19,878 - INFO - Γ£à Blockchain and IPFS integration initialized
2025-10-12 08:02:19,878 - INFO - ≡ƒöÉ Initializing MetaMask authenticator...
2025-10-12 08:02:21,972 - INFO - MetaMask contract initialized with deployed ABI: 
0x1234567890123456789012345678901234567890
2025-10-12 08:02:21,972 - INFO - MetaMask Authenticator initialized
2025-10-12 08:02:21,972 - INFO - Connected to: http://localhost:8545
2025-10-12 08:02:21,972 - INFO - Contract: 0x1234567890123456789012345678901234567890
2025-10-12 08:02:21,972 - INFO - Γ£à MetaMask authenticator initialized
2025-10-12 08:02:21,972 - INFO - ≡ƒåö Initializing identity manager...
2025-10-12 08:02:21,972 - INFO - Decentralized Identity Manager initialized
2025-10-12 08:02:21,972 - INFO - Γ£à Identity manager initialized
2025-10-12 08:02:21,972 - INFO - ≡ƒÆ░ Initializing incentive and provenance system...
2025-10-12 08:02:21,972 - INFO - Incentive Calculator initialized
2025-10-12 08:02:21,972 - INFO - Provenance Tracker initialized
2025-10-12 08:02:21,974 - INFO - Reputation Manager initialized
2025-10-12 08:02:21,974 - INFO - Incentive and Provenance System initialized
2025-10-12 08:02:21,974 - INFO - Γ£à Incentive and provenance system initialized
2025-10-12 08:02:21,974 - INFO - ≡ƒÄü Initializing blockchain incentive contract...
2025-10-12 08:02:24,112 - INFO - Found funded account: 0x154154dD432c5a9011f1723A26EDE478c66ea6dc with balance: 
93608556960000000000
2025-10-12 08:02:24,112 - INFO - Using funded account for transactions: 0x154154dD432c5a9011f1723A26EDE478c66ea6dc
2025-10-12 08:02:24,112 - INFO - Updated aggregator address to: 0x154154dD432c5a9011f1723A26EDE478c66ea6dc
2025-10-12 08:02:24,112 - INFO - Updated web3 default account to: 0x154154dD432c5a9011f1723A26EDE478c66ea6dc
2025-10-12 08:02:24,182 - INFO - Incentive contract initialized with deployed ABI: 
0x1234567890123456789012345678901234567890
2025-10-12 08:02:24,185 - INFO - ERC20 Token contract loaded: 0x7B7fE2118B5756DA32a2ff7De5F611cF742B485d
2025-10-12 08:02:24,269 - INFO - Blockchain Incentive Contract initialized
2025-10-12 08:02:24,269 - INFO - Account: 0x2e988A386a799F506693793c6A5AF6B54dfAaBfB
2025-10-12 08:02:24,269 - INFO - Contract: 0x1234567890123456789012345678901234567890
2025-10-12 08:02:24,269 - INFO - Aggregator: 0x1234567890123456789012345678901234567890
2025-10-12 08:02:24,269 - INFO - Blockchain Incentive Manager initialized
2025-10-12 08:02:24,269 - INFO - Γ£à Blockchain incentive contract initialized
2025-10-12 08:02:24,269 - INFO - ≡ƒºá Initializing TransductiveFewShotModel...
2025-10-12 08:02:25,201 - INFO - ≡ƒñ¥ Initializing blockchain federated coordinator...
2025-10-12 08:02:25,206 - INFO - Federated client client_1 initialized on cuda
2025-10-12 08:02:25,210 - INFO - Federated client client_2 initialized on cuda
2025-10-12 08:02:25,214 - INFO - Federated client client_3 initialized on cuda
2025-10-12 08:02:25,214 - INFO - Blockchain FedAVG Coordinator initialized with 3 clients
2025-10-12 08:02:25,214 - INFO - Blockchain and IPFS integration enabled
2025-10-12 08:02:25,214 - INFO - Client client_1: Blockchain and IPFS integration enabled
2025-10-12 08:02:25,214 - INFO - Client client_2: Blockchain and IPFS integration enabled
2025-10-12 08:02:25,214 - INFO - Client client_3: Blockchain and IPFS integration enabled
2025-10-12 08:02:25,214 - INFO - Blockchain integration enabled for all components
2025-10-12 08:02:25,214 - INFO - Γ£à Blockchain integration set for coordinator and all clients
2025-10-12 08:02:25,214 - INFO - ≡ƒöì Debug: IPFS client type: <class 'blockchain.blockchain_ipfs_integration.IPFSClient'>
2025-10-12 08:02:25,214 - INFO - ≡ƒöì Debug: IPFS client connected: True
2025-10-12 08:02:25,214 - INFO - ≡ƒöì Debug: Setting IPFS client on 3 clients
2025-10-12 08:02:25,214 - INFO - ≡ƒöì Debug: IPFS client type: <class 'blockchain.blockchain_ipfs_integration.IPFSClient'>
2025-10-12 08:02:25,214 - INFO - ≡ƒöì Debug: Setting IPFS client on client 1
2025-10-12 08:02:25,214 - INFO - Client client_1: IPFS integration enabled
2025-10-12 08:02:25,214 - INFO - ≡ƒöì Debug: Client 1 IPFS client set: True
2025-10-12 08:02:25,214 - INFO - ≡ƒöì Debug: Setting IPFS client on client 2
2025-10-12 08:02:25,214 - INFO - Client client_2: IPFS integration enabled
2025-10-12 08:02:25,214 - INFO - ≡ƒöì Debug: Client 2 IPFS client set: True
2025-10-12 08:02:25,214 - INFO - ≡ƒöì Debug: Setting IPFS client on client 3
2025-10-12 08:02:25,214 - INFO - Client client_3: IPFS integration enabled
2025-10-12 08:02:25,214 - INFO - ≡ƒöì Debug: Client 3 IPFS client set: True
2025-10-12 08:02:25,214 - INFO - IPFS client set for all 3 clients
2025-10-12 08:02:25,214 - INFO - Γ£à IPFS client set for coordinator
2025-10-12 08:02:25,578 - INFO - Using sampled data: 150000 samples
2025-10-12 08:02:25,583 - INFO - Distributing data using Dirichlet distribution (╬▒=1.0) among 3 clients
2025-10-12 08:02:25,586 - INFO - Total samples: 150,000, Classes: 2
2025-10-12 08:02:25,586 - INFO - Unique labels: [0, 1]
2025-10-12 08:02:25,588 - INFO - Label 0: 75000 samples
2025-10-12 08:02:25,588 - INFO - Label 1: 75000 samples
2025-10-12 08:02:25,588 - INFO - Class 0: Dirichlet distribution = [0.72545101 0.23693645 0.03761254]
2025-10-12 08:02:25,588 - INFO - Class 1: Dirichlet distribution = [0.0843197  0.12684904 0.78883126]
2025-10-12 08:02:25,592 - INFO - Client client_1 - Class 0: 54408 samples (0.725 ratio)
2025-10-12 08:02:25,594 - INFO - Client client_1 - Class 1: 6323 samples (0.084 ratio)
2025-10-12 08:02:25,602 - INFO - Client client_1: Set 60731 training samples
2025-10-12 08:02:25,602 - INFO - Client client_1: 60,731 total samples
2025-10-12 08:02:25,602 - INFO -   Class distribution: {0: 54408, 1: 6323}
2025-10-12 08:02:25,602 - INFO -   Heterogeneity (std): 0.396
2025-10-12 08:02:25,605 - INFO - Client client_2 - Class 0: 17770 samples (0.237 ratio)
2025-10-12 08:02:25,606 - INFO - Client client_2 - Class 1: 9513 samples (0.127 ratio)
2025-10-12 08:02:25,612 - INFO - Client client_2: Set 27283 training samples
2025-10-12 08:02:25,612 - INFO - Client client_2: 27,283 total samples
2025-10-12 08:02:25,612 - INFO -   Class distribution: {0: 17770, 1: 9513}
2025-10-12 08:02:25,612 - INFO -   Heterogeneity (std): 0.151
2025-10-12 08:02:25,614 - INFO - Client client_3 - Class 0: 2820 samples (0.038 ratio)
2025-10-12 08:02:25,617 - INFO - Client client_3 - Class 1: 59162 samples (0.789 ratio)
2025-10-12 08:02:25,626 - INFO - Client client_3: Set 61982 training samples
2025-10-12 08:02:25,627 - INFO - Client client_3: 61,982 total samples
2025-10-12 08:02:25,627 - INFO -   Class distribution: {0: 2820, 1: 59162}
2025-10-12 08:02:25,627 - INFO -   Heterogeneity (std): 0.455
2025-10-12 08:02:25,627 - INFO - ============================================================
2025-10-12 08:02:25,627 - INFO - DIRICHLET DISTRIBUTION SUMMARY:
2025-10-12 08:02:25,628 - INFO - Alpha parameter: 1.0
2025-10-12 08:02:25,628 - INFO - Distribution type: Moderate heterogeneity
2025-10-12 08:02:25,628 - INFO - Total distributed samples: 149,996 / 150,000
2025-10-12 08:02:25,628 - INFO - ============================================================
2025-10-12 08:02:25,628 - INFO - Γ£à Federated learning setup completed
2025-10-12 08:02:25,630 - INFO - ≡ƒºá Running meta-training...
2025-10-12 08:02:25,630 - INFO - ≡ƒºá Starting distributed meta-training on Edge-IIoTset...
2025-10-12 08:02:25,970 - INFO - Creating 10 meta-learning tasks (2-way, 5-shot)
2025-10-12 08:02:26,065 - INFO - Created 10 meta-learning tasks
2025-10-12 08:02:26,066 - INFO - Created 10 meta-tasks for Edge-IIoTset
2025-10-12 08:02:26,066 - ERROR - Γ¥î Meta-training failed: 'BlockchainFedAVGCoordinator' object has no attribute 
'run_meta_training'
2025-10-12 08:02:26,066 - WARNING - ΓÜá∩╕Å Meta-training failed, continuing with basic training...
2025-10-12 08:02:26,066 - INFO - ≡ƒÄ» Running federated training with incentives...
2025-10-12 08:02:26,066 - INFO - ≡ƒÜÇ Starting federated learning training with incentives on Edge-IIoTset...
2025-10-12 08:02:26,066 - INFO - ≡ƒôè Validation monitoring enabled for Edge-IIoTset:
2025-10-12 08:02:26,066 - INFO -    - Patience limit: 3 rounds
2025-10-12 08:02:26,066 - INFO -    - Min improvement: 0.001
2025-10-12 08:02:26,066 - INFO -    - Overfitting threshold: 5.0%
2025-10-12 08:02:26,066 - INFO -    - Max overfitting rounds: 2
2025-10-12 08:02:26,066 - INFO - 
≡ƒöä ROUND 1/1
2025-10-12 08:02:26,066 - INFO - --------------------------------------------------
2025-10-12 08:02:26,066 - INFO - Starting federated round 1
2025-10-12 08:02:26,066 - INFO - Client client_1: Starting enhanced local training for 5 epochs
2025-10-12 08:02:26,066 - INFO - ≡ƒöì MODEL INTEGRITY CHECK - BEFORE_TRAINING
2025-10-12 08:02:26,066 - INFO -    Model type: <class 'models.transductive_fewshot_model.TransductiveFewShotModel'>
2025-10-12 08:02:26,066 - INFO -    Model class name: TransductiveFewShotModel
2025-10-12 08:02:26,066 - INFO -    Model module: models.transductive_fewshot_model
2025-10-12 08:02:26,066 - INFO -    Has meta_train: True
2025-10-12 08:02:26,066 - INFO -    Has meta_learner: True
2025-10-12 08:02:26,066 - INFO -    MetaLearner type: <class 'models.transductive_fewshot_model.MetaLearner'>
2025-10-12 08:02:26,066 - INFO - ≡ƒöì MODEL INTEGRITY CHECK COMPLETE - BEFORE_TRAINING
2025-10-12 08:02:26,066 - INFO - Client client_1: Creating meta-tasks from local data...
2025-10-12 08:02:26,066 - INFO - Creating 5 meta-learning tasks (2-way, 5-shot)
2025-10-12 08:02:26,086 - INFO - Created 5 meta-learning tasks
2025-10-12 08:02:26,087 - INFO - Client client_1: Running meta-learning training...
2025-10-12 08:02:26,087 - INFO - ≡ƒöì DEBUG: Model type before meta_train: <class 
'models.transductive_fewshot_model.TransductiveFewShotModel'>
2025-10-12 08:02:26,087 - INFO - ≡ƒöì DEBUG: Model has meta_train: True
2025-10-12 08:02:26,087 - INFO - Starting transductive meta-training for 5 epochs
2025-10-12 08:02:26,371 - INFO - Epoch 0: Loss=0.1738, Accuracy=0.5000
2025-10-12 08:02:26,566 - INFO - Transductive meta-training completed
2025-10-12 08:02:26,566 - INFO - ≡ƒöì DEBUG: Model type after meta_train: <class 
'models.transductive_fewshot_model.TransductiveFewShotModel'>
2025-10-12 08:02:26,566 - INFO - ≡ƒöì DEBUG: Model has meta_train: True
2025-10-12 08:02:26,566 - INFO - Client client_1: Running test-time training adaptation...
2025-10-12 08:02:26,566 - INFO - ≡ƒöì DEBUG: Model type before TTT: <class 
'models.transductive_fewshot_model.TransductiveFewShotModel'>
2025-10-12 08:02:26,566 - INFO - ≡ƒöì DEBUG: Model has meta_train: True
2025-10-12 08:02:26,583 - INFO - Client client_1: TTT adaptation completed
2025-10-12 08:02:26,583 - INFO - ≡ƒöì DEBUG: Model type after TTT: <class 
'models.transductive_fewshot_model.TransductiveFewShotModel'>
2025-10-12 08:02:26,583 - INFO - ≡ƒöì DEBUG: Model has meta_train: True
2025-10-12 08:02:26,583 - INFO - Client client_1: Enhanced training completed - Loss: 0.1688, Accuracy: 0.5720
C:\Users\Dspike\Documents\PhD\TNN\exp1\Tgnn\blockchain_federated_learning_project\coordinators\blockchain_fedavg_coordinato
r.py:792: UserWarning: TypedStorage is deprecated. It will be removed in the future and UntypedStorage will be the only 
storage class. This should only matter to you if you are using storages directly.  To access UntypedStorage directly, use 
tensor.untyped_storage() instead of tensor.storage()
  param_bytes += param.detach().cpu().contiguous().storage().data_ptr().to_bytes(8, 'little')
2025-10-12 08:02:26,624 - INFO - ≡ƒöì Debug: Client client_1 store_model_on_ipfs called
2025-10-12 08:02:26,624 - INFO - ≡ƒöì Debug: IPFS enabled: True
2025-10-12 08:02:26,624 - INFO - ≡ƒöì Debug: IPFS client: <blockchain.blockchain_ipfs_integration.IPFSClient object at 
0x000001F1B63F6200>
2025-10-12 08:02:26,624 - INFO - ≡ƒöì Debug: IPFS client type: <class 'blockchain.blockchain_ipfs_integration.IPFSClient'>
2025-10-12 08:02:29,477 - INFO - Data stored on IPFS: Qmei4BNKFCrpnkAt2Cxgz7ZBfcReFQKCFPkpmpD7h5ga8h
2025-10-12 08:02:29,478 - INFO - Client client_1: Model stored on IPFS: Qmei4BNKFCrpnkAt2Cxgz7ZBfcReFQKCFPkpmpD7h5ga8h
2025-10-12 08:02:29,478 - INFO - Client client_1: About to check blockchain_enabled: True
2025-10-12 08:02:29,478 - INFO - Client client_1: Recording on blockchain with hash 
743c262fccf166e0f933122de44d1a76c641f4254fbe99aaa4a2b0f9a46d5af7 and IPFS Qmei4BNKFCrpnkAt2Cxgz7ZBfcReFQKCFPkpmpD7h5ga8h
2025-10-12 08:02:29,478 - INFO - Client client_1: record_on_blockchain called with 
hash=743c262fccf166e0f933122de44d1a76c641f4254fbe99aaa4a2b0f9a46d5af7, cid=Qmei4BNKFCrpnkAt2Cxgz7ZBfcReFQKCFPkpmpD7h5ga8h
2025-10-12 08:02:29,478 - INFO - Client client_1: blockchain_enabled=True, 
blockchain_client=<blockchain.blockchain_ipfs_integration.EthereumClient object at 0x000001F1B63F54E0>
2025-10-12 08:02:29,478 - INFO - Client client_1: Calling submit_client_update...
2025-10-12 08:02:31,734 - INFO - Recorded real gas transaction: Client Update - Gas: 22216, Block: 11380
2025-10-12 08:02:31,734 - INFO - Client client_1 update submitted to blockchain: 
ac29f545740d5024964da2eb4a3925e579bf6e3917010d6194a9bd729733def0
2025-10-12 08:02:31,734 - INFO - Real gas used: 22216, Block: 11380
2025-10-12 08:02:31,734 - INFO - Client client_1: submit_client_update returned: 
ac29f545740d5024964da2eb4a3925e579bf6e3917010d6194a9bd729733def0
2025-10-12 08:02:31,734 - INFO - Client client_1: Recorded on blockchain: 
ac29f545740d5024964da2eb4a3925e579bf6e3917010d6194a9bd729733def0
2025-10-12 08:02:31,734 - INFO - Client client_1: Blockchain recording result: 
ac29f545740d5024964da2eb4a3925e579bf6e3917010d6194a9bd729733def0
2025-10-12 08:02:31,734 - INFO - Client client_2: Starting enhanced local training for 5 epochs
2025-10-12 08:02:31,734 - INFO - ≡ƒöì MODEL INTEGRITY CHECK - BEFORE_TRAINING
2025-10-12 08:02:31,734 - INFO -    Model type: <class 'models.transductive_fewshot_model.TransductiveFewShotModel'>
2025-10-12 08:02:31,734 - INFO -    Model class name: TransductiveFewShotModel
2025-10-12 08:02:31,734 - INFO -    Model module: models.transductive_fewshot_model
2025-10-12 08:02:31,734 - INFO -    Has meta_train: True
2025-10-12 08:02:31,734 - INFO -    Has meta_learner: True
2025-10-12 08:02:31,734 - INFO -    MetaLearner type: <class 'models.transductive_fewshot_model.MetaLearner'>
2025-10-12 08:02:31,735 - INFO - ≡ƒöì MODEL INTEGRITY CHECK COMPLETE - BEFORE_TRAINING
2025-10-12 08:02:31,735 - INFO - Client client_2: Creating meta-tasks from local data...
2025-10-12 08:02:31,735 - INFO - Creating 5 meta-learning tasks (2-way, 5-shot)
2025-10-12 08:02:31,749 - INFO - Created 5 meta-learning tasks
2025-10-12 08:02:31,749 - INFO - Client client_2: Running meta-learning training...
2025-10-12 08:02:31,749 - INFO - ≡ƒöì DEBUG: Model type before meta_train: <class 
'models.transductive_fewshot_model.TransductiveFewShotModel'>
2025-10-12 08:02:31,749 - INFO - ≡ƒöì DEBUG: Model has meta_train: True
2025-10-12 08:02:31,749 - INFO - Starting transductive meta-training for 5 epochs
2025-10-12 08:02:31,805 - INFO - Epoch 0: Loss=0.1731, Accuracy=0.4800
2025-10-12 08:02:32,051 - INFO - Transductive meta-training completed
2025-10-12 08:02:32,051 - INFO - ≡ƒöì DEBUG: Model type after meta_train: <class 
'models.transductive_fewshot_model.TransductiveFewShotModel'>
2025-10-12 08:02:32,051 - INFO - ≡ƒöì DEBUG: Model has meta_train: True
2025-10-12 08:02:32,051 - INFO - Client client_2: Running test-time training adaptation...
2025-10-12 08:02:32,051 - INFO - ≡ƒöì DEBUG: Model type before TTT: <class 
'models.transductive_fewshot_model.TransductiveFewShotModel'>
2025-10-12 08:02:32,051 - INFO - ≡ƒöì DEBUG: Model has meta_train: True
2025-10-12 08:02:32,068 - INFO - Client client_2: TTT adaptation completed
2025-10-12 08:02:32,068 - INFO - ≡ƒöì DEBUG: Model type after TTT: <class 
'models.transductive_fewshot_model.TransductiveFewShotModel'>
2025-10-12 08:02:32,068 - INFO - ≡ƒöì DEBUG: Model has meta_train: True
2025-10-12 08:02:32,068 - INFO - Client client_2: Enhanced training completed - Loss: 0.1195, Accuracy: 0.7100
2025-10-12 08:02:32,104 - INFO - ≡ƒöì Debug: Client client_2 store_model_on_ipfs called
2025-10-12 08:02:32,104 - INFO - ≡ƒöì Debug: IPFS enabled: True
2025-10-12 08:02:32,104 - INFO - ≡ƒöì Debug: IPFS client: <blockchain.blockchain_ipfs_integration.IPFSClient object at 
0x000001F1B63F6200>
2025-10-12 08:02:32,104 - INFO - ≡ƒöì Debug: IPFS client type: <class 'blockchain.blockchain_ipfs_integration.IPFSClient'>
2025-10-12 08:02:34,954 - INFO - Data stored on IPFS: QmSC6VBYpYkBCA3aLW4Fqr6ryu2nLDhEndao6Cfvca2GmH
2025-10-12 08:02:34,954 - INFO - Client client_2: Model stored on IPFS: QmSC6VBYpYkBCA3aLW4Fqr6ryu2nLDhEndao6Cfvca2GmH
2025-10-12 08:02:34,955 - INFO - Client client_2: About to check blockchain_enabled: True
2025-10-12 08:02:34,955 - INFO - Client client_2: Recording on blockchain with hash 
4f1a9cad072e6414dcd21ab9f23ad977fa403ac30586fec0c1c3446ce8a0b71f and IPFS QmSC6VBYpYkBCA3aLW4Fqr6ryu2nLDhEndao6Cfvca2GmH
2025-10-12 08:02:34,955 - INFO - Client client_2: record_on_blockchain called with 
hash=4f1a9cad072e6414dcd21ab9f23ad977fa403ac30586fec0c1c3446ce8a0b71f, cid=QmSC6VBYpYkBCA3aLW4Fqr6ryu2nLDhEndao6Cfvca2GmH
2025-10-12 08:02:34,955 - INFO - Client client_2: blockchain_enabled=True, 
blockchain_client=<blockchain.blockchain_ipfs_integration.EthereumClient object at 0x000001F1B63F54E0>
2025-10-12 08:02:34,955 - INFO - Client client_2: Calling submit_client_update...
2025-10-12 08:02:35,122 - INFO - Recorded real gas transaction: Client Update - Gas: 22216, Block: 11381
2025-10-12 08:02:35,122 - INFO - Client client_2 update submitted to blockchain: 
b19157ffdb730bad7fcfa04213389d86f37b53ed3c6081e0bada51c07e43a98b
2025-10-12 08:02:35,122 - INFO - Real gas used: 22216, Block: 11381
2025-10-12 08:02:35,122 - INFO - Client client_2: submit_client_update returned: 
b19157ffdb730bad7fcfa04213389d86f37b53ed3c6081e0bada51c07e43a98b
2025-10-12 08:02:35,122 - INFO - Client client_2: Recorded on blockchain: 
b19157ffdb730bad7fcfa04213389d86f37b53ed3c6081e0bada51c07e43a98b
2025-10-12 08:02:35,122 - INFO - Client client_2: Blockchain recording result: 
b19157ffdb730bad7fcfa04213389d86f37b53ed3c6081e0bada51c07e43a98b
2025-10-12 08:02:35,122 - INFO - Client client_3: Starting enhanced local training for 5 epochs
2025-10-12 08:02:35,122 - INFO - ≡ƒöì MODEL INTEGRITY CHECK - BEFORE_TRAINING
2025-10-12 08:02:35,122 - INFO -    Model type: <class 'models.transductive_fewshot_model.TransductiveFewShotModel'>
2025-10-12 08:02:35,122 - INFO -    Model class name: TransductiveFewShotModel
2025-10-12 08:02:35,122 - INFO -    Model module: models.transductive_fewshot_model
2025-10-12 08:02:35,122 - INFO -    Has meta_train: True
2025-10-12 08:02:35,122 - INFO -    Has meta_learner: True
2025-10-12 08:02:35,122 - INFO -    MetaLearner type: <class 'models.transductive_fewshot_model.MetaLearner'>
2025-10-12 08:02:35,122 - INFO - ≡ƒöì MODEL INTEGRITY CHECK COMPLETE - BEFORE_TRAINING
2025-10-12 08:02:35,122 - INFO - Client client_3: Creating meta-tasks from local data...
2025-10-12 08:02:35,122 - INFO - Creating 5 meta-learning tasks (2-way, 5-shot)
2025-10-12 08:02:35,145 - INFO - Created 5 meta-learning tasks
2025-10-12 08:02:35,145 - INFO - Client client_3: Running meta-learning training...
2025-10-12 08:02:35,145 - INFO - ≡ƒöì DEBUG: Model type before meta_train: <class 
'models.transductive_fewshot_model.TransductiveFewShotModel'>
2025-10-12 08:02:35,145 - INFO - ≡ƒöì DEBUG: Model has meta_train: True
2025-10-12 08:02:35,145 - INFO - Starting transductive meta-training for 5 epochs
2025-10-12 08:02:35,205 - INFO - Epoch 0: Loss=0.1753, Accuracy=0.4900
2025-10-12 08:02:35,434 - INFO - Transductive meta-training completed
2025-10-12 08:02:35,434 - INFO - ≡ƒöì DEBUG: Model type after meta_train: <class 
'models.transductive_fewshot_model.TransductiveFewShotModel'>
2025-10-12 08:02:35,434 - INFO - ≡ƒöì DEBUG: Model has meta_train: True
2025-10-12 08:02:35,434 - INFO - Client client_3: Running test-time training adaptation...
2025-10-12 08:02:35,434 - INFO - ≡ƒöì DEBUG: Model type before TTT: <class 
'models.transductive_fewshot_model.TransductiveFewShotModel'>
2025-10-12 08:02:35,434 - INFO - ≡ƒöì DEBUG: Model has meta_train: True
2025-10-12 08:02:35,453 - INFO - Client client_3: TTT adaptation completed
2025-10-12 08:02:35,453 - INFO - ≡ƒöì DEBUG: Model type after TTT: <class 
'models.transductive_fewshot_model.TransductiveFewShotModel'>
2025-10-12 08:02:35,453 - INFO - ≡ƒöì DEBUG: Model has meta_train: True
2025-10-12 08:02:35,453 - INFO - Client client_3: Enhanced training completed - Loss: 0.1630, Accuracy: 0.5640
2025-10-12 08:02:35,489 - INFO - ≡ƒöì Debug: Client client_3 store_model_on_ipfs called
2025-10-12 08:02:35,489 - INFO - ≡ƒöì Debug: IPFS enabled: True
2025-10-12 08:02:35,489 - INFO - ≡ƒöì Debug: IPFS client: <blockchain.blockchain_ipfs_integration.IPFSClient object at 
0x000001F1B63F6200>
2025-10-12 08:02:35,489 - INFO - ≡ƒöì Debug: IPFS client type: <class 'blockchain.blockchain_ipfs_integration.IPFSClient'>
2025-10-12 08:02:38,301 - INFO - Data stored on IPFS: QmZtuoFZasQtY1BarLZvDJVvdwREi8GLvendsu5oxMFTkE
2025-10-12 08:02:38,302 - INFO - Client client_3: Model stored on IPFS: QmZtuoFZasQtY1BarLZvDJVvdwREi8GLvendsu5oxMFTkE
2025-10-12 08:02:38,302 - INFO - Client client_3: About to check blockchain_enabled: True
2025-10-12 08:02:38,302 - INFO - Client client_3: Recording on blockchain with hash 
1e581ca7ca06af66edeb08e1131a975e66217d53032d74df91e76f1515bcad0b and IPFS QmZtuoFZasQtY1BarLZvDJVvdwREi8GLvendsu5oxMFTkE
2025-10-12 08:02:38,302 - INFO - Client client_3: record_on_blockchain called with 
hash=1e581ca7ca06af66edeb08e1131a975e66217d53032d74df91e76f1515bcad0b, cid=QmZtuoFZasQtY1BarLZvDJVvdwREi8GLvendsu5oxMFTkE
2025-10-12 08:02:38,302 - INFO - Client client_3: blockchain_enabled=True, 
blockchain_client=<blockchain.blockchain_ipfs_integration.EthereumClient object at 0x000001F1B63F54E0>
2025-10-12 08:02:38,302 - INFO - Client client_3: Calling submit_client_update...
2025-10-12 08:02:38,492 - INFO - Recorded real gas transaction: Client Update - Gas: 22216, Block: 11382
2025-10-12 08:02:38,492 - INFO - Client client_3 update submitted to blockchain: 
69367f1543c91b84d1e774d0a50dfa0996e63d41f8527ae364ef7d84f048866d
2025-10-12 08:02:38,492 - INFO - Real gas used: 22216, Block: 11382
2025-10-12 08:02:38,492 - INFO - Client client_3: submit_client_update returned: 
69367f1543c91b84d1e774d0a50dfa0996e63d41f8527ae364ef7d84f048866d
2025-10-12 08:02:38,492 - INFO - Client client_3: Recorded on blockchain: 
69367f1543c91b84d1e774d0a50dfa0996e63d41f8527ae364ef7d84f048866d
2025-10-12 08:02:38,492 - INFO - Client client_3: Blockchain recording result: 
69367f1543c91b84d1e774d0a50dfa0996e63d41f8527ae364ef7d84f048866d
2025-10-12 08:02:41,352 - INFO - Data stored on IPFS: QmQHzb4nRizX4hS1ujXVp9XUmhWNBDvaaNp1bjr6wSxX3g
2025-10-12 08:02:41,352 - INFO - Model stored on IPFS: QmQHzb4nRizX4hS1ujXVp9XUmhWNBDvaaNp1bjr6wSxX3g
2025-10-12 08:02:41,532 - INFO - Recorded real gas transaction: Model Update - Gas: 22216, Block: 11383
2025-10-12 08:02:41,532 - INFO - Model update submitted: 45ab9f65ef6ded6f4a1fedce36e76b66a9ee204b911abeb9a1410b4a60492343
2025-10-12 08:02:41,532 - INFO - Real gas used: 22216, Block: 11383
2025-10-12 08:02:41,532 - INFO - Model recorded on blockchain: 
45ab9f65ef6ded6f4a1fedce36e76b66a9ee204b911abeb9a1410b4a60492343
2025-10-12 08:02:41,532 - INFO - Client client_1 update recorded on blockchain: 
45ab9f65ef6ded6f4a1fedce36e76b66a9ee204b911abeb9a1410b4a60492343
2025-10-12 08:02:41,532 - INFO - Added update from client client_1
2025-10-12 08:02:44,461 - INFO - Data stored on IPFS: QmUoxByWPbUFta8SmqNwC2mJU64nJGqm3p9gxrRaibng7j
2025-10-12 08:02:44,461 - INFO - Model stored on IPFS: QmUoxByWPbUFta8SmqNwC2mJU64nJGqm3p9gxrRaibng7j
2025-10-12 08:02:44,648 - INFO - Recorded real gas transaction: Model Update - Gas: 22216, Block: 11384
2025-10-12 08:02:44,648 - INFO - Model update submitted: 09ec4291ef08c191367b9065f4bddf3d7e60996ca12452d9e57cff5ecf7e633d
2025-10-12 08:02:44,648 - INFO - Real gas used: 22216, Block: 11384
2025-10-12 08:02:44,648 - INFO - Model recorded on blockchain: 
09ec4291ef08c191367b9065f4bddf3d7e60996ca12452d9e57cff5ecf7e633d
2025-10-12 08:02:44,648 - INFO - Client client_2 update recorded on blockchain: 
09ec4291ef08c191367b9065f4bddf3d7e60996ca12452d9e57cff5ecf7e633d
2025-10-12 08:02:44,648 - INFO - Added update from client client_2
2025-10-12 08:02:47,523 - INFO - Data stored on IPFS: QmQu386dPDcdjkwQdvnUSEu8CvTrcXLcr3iLZdXeLsUpdD
2025-10-12 08:02:47,524 - INFO - Model stored on IPFS: QmQu386dPDcdjkwQdvnUSEu8CvTrcXLcr3iLZdXeLsUpdD
2025-10-12 08:02:47,733 - INFO - Recorded real gas transaction: Model Update - Gas: 22204, Block: 11385
2025-10-12 08:02:47,733 - INFO - Model update submitted: ed51af5ce1b13a8c31a25952aa09c7631242aad9a3e9a41e09d53179f5a7070e
2025-10-12 08:02:47,733 - INFO - Real gas used: 22204, Block: 11385
2025-10-12 08:02:47,733 - INFO - Model recorded on blockchain: 
ed51af5ce1b13a8c31a25952aa09c7631242aad9a3e9a41e09d53179f5a7070e
2025-10-12 08:02:47,733 - INFO - Client client_3 update recorded on blockchain: 
ed51af5ce1b13a8c31a25952aa09c7631242aad9a3e9a41e09d53179f5a7070e
2025-10-12 08:02:47,733 - INFO - Added update from client client_3
2025-10-12 08:02:47,733 - INFO - Aggregating models from 3 clients
2025-10-12 08:02:50,539 - INFO - Data stored on IPFS: QmZbqRavbbVpYyf8MaRfpK4y6hGXvW1mzZ1Spvkch4t97W
2025-10-12 08:02:50,540 - INFO - Model stored on IPFS: QmZbqRavbbVpYyf8MaRfpK4y6hGXvW1mzZ1Spvkch4t97W
2025-10-12 08:02:50,695 - INFO - Recorded real gas transaction: Model Update - Gas: 22204, Block: 11386
2025-10-12 08:02:50,696 - INFO - Model update submitted: a145f202149018e3cc965f093d1d723eeded80fdb0d79d8a44583eb3a185feb4
2025-10-12 08:02:50,696 - INFO - Real gas used: 22204, Block: 11386
2025-10-12 08:02:50,696 - INFO - Model recorded on blockchain: 
a145f202149018e3cc965f093d1d723eeded80fdb0d79d8a44583eb3a185feb4
2025-10-12 08:02:50,696 - INFO - ≡ƒöì AGGREGATOR MODEL INTEGRITY CHECK - BEFORE_LOADING_PARAMETERS
2025-10-12 08:02:50,696 - INFO -    Aggregator model type: <class 
'models.transductive_fewshot_model.TransductiveFewShotModel'>
2025-10-12 08:02:50,696 - INFO -    Aggregator model class name: TransductiveFewShotModel
2025-10-12 08:02:50,696 - INFO -    Aggregator model module: models.transductive_fewshot_model
2025-10-12 08:02:50,696 - INFO -    Aggregator has meta_train: True
2025-10-12 08:02:50,696 - INFO -    Aggregator has meta_learner: True
2025-10-12 08:02:50,696 - INFO -    Aggregator MetaLearner type: <class 'models.transductive_fewshot_model.MetaLearner'>
2025-10-12 08:02:50,696 - INFO - ≡ƒöì AGGREGATOR MODEL INTEGRITY CHECK COMPLETE - BEFORE_LOADING_PARAMETERS
2025-10-12 08:02:50,701 - INFO - ≡ƒöì AGGREGATOR MODEL INTEGRITY CHECK - AFTER_LOADING_PARAMETERS
2025-10-12 08:02:50,701 - INFO -    Aggregator model type: <class 
'models.transductive_fewshot_model.TransductiveFewShotModel'>
2025-10-12 08:02:50,701 - INFO -    Aggregator model class name: TransductiveFewShotModel
2025-10-12 08:02:50,701 - INFO -    Aggregator model module: models.transductive_fewshot_model
2025-10-12 08:02:50,701 - INFO -    Aggregator has meta_train: True
2025-10-12 08:02:50,701 - INFO -    Aggregator has meta_learner: True
2025-10-12 08:02:50,701 - INFO -    Aggregator MetaLearner type: <class 'models.transductive_fewshot_model.MetaLearner'>
2025-10-12 08:02:50,701 - INFO - ≡ƒöì AGGREGATOR MODEL INTEGRITY CHECK COMPLETE - AFTER_LOADING_PARAMETERS
2025-10-12 08:02:50,778 - INFO - Aggregation completed in 0.00s
2025-10-12 08:02:50,778 - INFO - Model hash: model_round_0_1760227367
2025-10-12 08:02:50,778 - INFO - IPFS CID: QmZbqRavbbVpYyf8MaRfpK4y6hGXvW1mzZ1Spvkch4t97W
2025-10-12 08:02:50,778 - INFO - Blockchain TX: a145f202149018e3cc965f093d1d723eeded80fdb0d79d8a44583eb3a185feb4
2025-10-12 08:02:50,778 - INFO - ≡ƒöì COORDINATOR MODEL INTEGRITY CHECK - BEFORE_UPDATING_CLIENTS
2025-10-12 08:02:50,778 - INFO -    Coordinator model type: <class 
'models.transductive_fewshot_model.TransductiveFewShotModel'>
2025-10-12 08:02:50,778 - INFO -    Coordinator model class name: TransductiveFewShotModel
2025-10-12 08:02:50,778 - INFO -    Coordinator model module: models.transductive_fewshot_model
2025-10-12 08:02:50,778 - INFO -    Coordinator has meta_train: True
2025-10-12 08:02:50,778 - INFO -    Coordinator has meta_learner: True
2025-10-12 08:02:50,778 - INFO -    Coordinator MetaLearner type: <class 'models.transductive_fewshot_model.MetaLearner'>
2025-10-12 08:02:50,778 - INFO - ≡ƒöì COORDINATOR MODEL INTEGRITY CHECK COMPLETE - BEFORE_UPDATING_CLIENTS
2025-10-12 08:02:50,778 - INFO - ≡ƒöì MODEL INTEGRITY CHECK - BEFORE_GLOBAL_UPDATE
2025-10-12 08:02:50,778 - INFO -    Model type: <class 'models.transductive_fewshot_model.TransductiveFewShotModel'>
2025-10-12 08:02:50,778 - INFO -    Model class name: TransductiveFewShotModel
2025-10-12 08:02:50,778 - INFO -    Model module: models.transductive_fewshot_model
2025-10-12 08:02:50,778 - INFO -    Has meta_train: True
2025-10-12 08:02:50,778 - INFO -    Has meta_learner: True
2025-10-12 08:02:50,778 - INFO -    MetaLearner type: <class 'models.transductive_fewshot_model.MetaLearner'>
2025-10-12 08:02:50,778 - INFO - ≡ƒöì MODEL INTEGRITY CHECK COMPLETE - BEFORE_GLOBAL_UPDATE
2025-10-12 08:02:50,779 - INFO - ≡ƒöì MODEL INTEGRITY CHECK - AFTER_GLOBAL_UPDATE
2025-10-12 08:02:50,779 - INFO -    Model type: <class 'models.transductive_fewshot_model.TransductiveFewShotModel'>
2025-10-12 08:02:50,779 - INFO -    Model class name: TransductiveFewShotModel
2025-10-12 08:02:50,779 - INFO -    Model module: models.transductive_fewshot_model
2025-10-12 08:02:50,779 - INFO -    Has meta_train: True
2025-10-12 08:02:50,779 - INFO -    Has meta_learner: True
2025-10-12 08:02:50,779 - INFO -    MetaLearner type: <class 'models.transductive_fewshot_model.MetaLearner'>
2025-10-12 08:02:50,779 - INFO - ≡ƒöì MODEL INTEGRITY CHECK COMPLETE - AFTER_GLOBAL_UPDATE
2025-10-12 08:02:50,779 - INFO - Client client_1: Updated with global model
2025-10-12 08:02:50,779 - INFO - ≡ƒöì MODEL INTEGRITY CHECK - BEFORE_GLOBAL_UPDATE
2025-10-12 08:02:50,779 - INFO -    Model type: <class 'models.transductive_fewshot_model.TransductiveFewShotModel'>
2025-10-12 08:02:50,779 - INFO -    Model class name: TransductiveFewShotModel
2025-10-12 08:02:50,779 - INFO -    Model module: models.transductive_fewshot_model
2025-10-12 08:02:50,779 - INFO -    Has meta_train: True
2025-10-12 08:02:50,779 - INFO -    Has meta_learner: True
2025-10-12 08:02:50,779 - INFO -    MetaLearner type: <class 'models.transductive_fewshot_model.MetaLearner'>
2025-10-12 08:02:50,779 - INFO - ≡ƒöì MODEL INTEGRITY CHECK COMPLETE - BEFORE_GLOBAL_UPDATE
2025-10-12 08:02:50,780 - INFO - ≡ƒöì MODEL INTEGRITY CHECK - AFTER_GLOBAL_UPDATE
2025-10-12 08:02:50,780 - INFO -    Model type: <class 'models.transductive_fewshot_model.TransductiveFewShotModel'>
2025-10-12 08:02:50,780 - INFO -    Model class name: TransductiveFewShotModel
2025-10-12 08:02:50,780 - INFO -    Model module: models.transductive_fewshot_model
2025-10-12 08:02:50,780 - INFO -    Has meta_train: True
2025-10-12 08:02:50,780 - INFO -    Has meta_learner: True
2025-10-12 08:02:50,780 - INFO -    MetaLearner type: <class 'models.transductive_fewshot_model.MetaLearner'>
2025-10-12 08:02:50,780 - INFO - ≡ƒöì MODEL INTEGRITY CHECK COMPLETE - AFTER_GLOBAL_UPDATE
2025-10-12 08:02:50,780 - INFO - Client client_2: Updated with global model
2025-10-12 08:02:50,780 - INFO - ≡ƒöì MODEL INTEGRITY CHECK - BEFORE_GLOBAL_UPDATE
2025-10-12 08:02:50,780 - INFO -    Model type: <class 'models.transductive_fewshot_model.TransductiveFewShotModel'>
2025-10-12 08:02:50,780 - INFO -    Model class name: TransductiveFewShotModel
2025-10-12 08:02:50,780 - INFO -    Model module: models.transductive_fewshot_model
2025-10-12 08:02:50,780 - INFO -    Has meta_train: True
2025-10-12 08:02:50,780 - INFO -    Has meta_learner: True
2025-10-12 08:02:50,780 - INFO -    MetaLearner type: <class 'models.transductive_fewshot_model.MetaLearner'>
2025-10-12 08:02:50,780 - INFO - ≡ƒöì MODEL INTEGRITY CHECK COMPLETE - BEFORE_GLOBAL_UPDATE
2025-10-12 08:02:50,780 - INFO - ≡ƒöì MODEL INTEGRITY CHECK - AFTER_GLOBAL_UPDATE
2025-10-12 08:02:50,780 - INFO -    Model type: <class 'models.transductive_fewshot_model.TransductiveFewShotModel'>
2025-10-12 08:02:50,780 - INFO -    Model class name: TransductiveFewShotModel
2025-10-12 08:02:50,780 - INFO -    Model module: models.transductive_fewshot_model
2025-10-12 08:02:50,780 - INFO -    Has meta_train: True
2025-10-12 08:02:50,780 - INFO -    Has meta_learner: True
2025-10-12 08:02:50,780 - INFO -    MetaLearner type: <class 'models.transductive_fewshot_model.MetaLearner'>
2025-10-12 08:02:50,780 - INFO - ≡ƒöì MODEL INTEGRITY CHECK COMPLETE - AFTER_GLOBAL_UPDATE
2025-10-12 08:02:50,780 - INFO - Client client_3: Updated with global model
2025-10-12 08:02:50,780 - INFO - ≡ƒöì COORDINATOR MODEL INTEGRITY CHECK - AFTER_UPDATING_CLIENTS
2025-10-12 08:02:50,780 - INFO -    Coordinator model type: <class 
'models.transductive_fewshot_model.TransductiveFewShotModel'>
2025-10-12 08:02:50,780 - INFO -    Coordinator model class name: TransductiveFewShotModel
2025-10-12 08:02:50,780 - INFO -    Coordinator model module: models.transductive_fewshot_model
2025-10-12 08:02:50,781 - INFO -    Coordinator has meta_train: True
2025-10-12 08:02:50,781 - INFO -    Coordinator has meta_learner: True
2025-10-12 08:02:50,781 - INFO -    Coordinator MetaLearner type: <class 'models.transductive_fewshot_model.MetaLearner'>
2025-10-12 08:02:50,781 - INFO - ≡ƒöì COORDINATOR MODEL INTEGRITY CHECK COMPLETE - AFTER_UPDATING_CLIENTS
2025-10-12 08:02:50,851 - INFO - Federated round 1 completed
2025-10-12 08:02:50,851 - INFO -   Aggregation time: 0.00s
2025-10-12 08:02:50,851 - INFO -   Model hash: model_round_0_1760227367
2025-10-12 08:02:50,851 - INFO - Round 1 Results:
2025-10-12 08:02:50,851 - INFO -   Training Accuracy: 0.6153
2025-10-12 08:02:50,851 - INFO -   Training Loss: 0.1505
2025-10-12 08:02:50,851 - INFO -   Accuracy Improvement: +0.6153
2025-10-12 08:02:50,851 - INFO -   Patience Counter: 0/3
2025-10-12 08:02:50,851 - INFO - Γ£à Federated training with incentives completed successfully!
2025-10-12 08:02:50,851 - INFO - Best validation accuracy: 0.6153
2025-10-12 08:02:50,851 - INFO - Best validation loss: 0.1505
2025-10-12 08:02:50,852 - INFO - ≡ƒöì Evaluating zero-day detection...
2025-10-12 08:02:50,852 - INFO - ≡ƒöì Starting zero-day detection evaluation on Edge-IIoTset...
2025-10-12 08:02:50,855 - INFO - ≡ƒôè Evaluating base model with k-fold cross-validation...
2025-10-12 08:02:50,855 - INFO - ≡ƒôè Starting Base Model k-fold cross-validation evaluation...
2025-10-12 08:02:50,856 - INFO -   ≡ƒôè Processing fold 1/3...
2025-10-12 08:02:50,868 - INFO -   ≡ƒôè Processing fold 2/3...
2025-10-12 08:02:50,872 - INFO -   ≡ƒôè Processing fold 3/3...
2025-10-12 08:02:50,878 - INFO - Using coordinator model for confusion matrix and ROC calculation
2025-10-12 08:02:50,885 - INFO - Γ£à Base Model k-fold evaluation completed
2025-10-12 08:02:50,885 - INFO -   Accuracy: 0.5000 ┬▒ 0.0015
2025-10-12 08:02:50,885 - INFO -   F1-Score: 0.3333 ┬▒ 0.0017
2025-10-12 08:02:50,885 - INFO -   MCC: 0.0000 ┬▒ 0.0000
2025-10-12 08:02:50,885 - INFO - ≡ƒôè Evaluating TTT model with meta-tasks...
2025-10-12 08:02:50,885 - INFO - ≡ƒôè Starting TTT Model meta-tasks evaluation...
2025-10-12 08:02:50,885 - INFO -   ≡ƒôè Processing meta-task 1/5...
2025-10-12 08:02:50,902 - INFO - TTT Step 0: Loss = 0.7019
2025-10-12 08:02:51,192 - INFO - TTT Step 50: Loss = 0.0013
2025-10-12 08:02:51,355 - INFO - TTT Step 100: Loss = 0.0004
2025-10-12 08:02:51,512 - INFO - TTT Step 150: Loss = 0.0001
2025-10-12 08:02:51,671 - INFO - Γ£à TTT adaptation completed in 200 steps
2025-10-12 08:02:51,680 - INFO - TTT Step 0: Loss = 0.0001
2025-10-12 08:02:51,843 - INFO - TTT Step 50: Loss = 0.0000
2025-10-12 08:02:52,013 - INFO - TTT Step 100: Loss = 0.0001
2025-10-12 08:02:52,212 - INFO - TTT Step 150: Loss = 0.0000
2025-10-12 08:02:52,406 - INFO - Γ£à TTT adaptation completed in 200 steps
2025-10-12 08:02:52,411 - INFO -   ≡ƒôè Processing meta-task 3/5...
2025-10-12 08:02:52,416 - INFO - TTT Step 0: Loss = 0.0000
2025-10-12 08:02:52,585 - INFO - TTT Step 50: Loss = 0.0000
2025-10-12 08:02:52,747 - INFO - TTT Step 100: Loss = 0.0000
2025-10-12 08:02:52,924 - INFO - TTT Step 150: Loss = 0.0000
2025-10-12 08:02:53,096 - INFO - Γ£à TTT adaptation completed in 200 steps
2025-10-12 08:02:53,105 - INFO - TTT Step 0: Loss = 0.0000
2025-10-12 08:02:53,281 - INFO - TTT Step 50: Loss = 0.0000
2025-10-12 08:02:53,449 - INFO - TTT Step 100: Loss = 0.0000
2025-10-12 08:02:53,612 - INFO - TTT Step 150: Loss = 0.0000
2025-10-12 08:02:53,771 - INFO - Γ£à TTT adaptation completed in 200 steps
2025-10-12 08:02:53,774 - INFO -   ≡ƒôè Processing meta-task 5/5...
2025-10-12 08:02:53,780 - INFO - TTT Step 0: Loss = 0.0000
2025-10-12 08:02:53,940 - INFO - TTT Step 50: Loss = 0.0000
2025-10-12 08:02:54,099 - INFO - TTT Step 100: Loss = 0.0000
2025-10-12 08:02:54,261 - INFO - TTT Step 150: Loss = 0.0000
2025-10-12 08:02:54,421 - INFO - Γ£à TTT adaptation completed in 200 steps
2025-10-12 08:02:55,156 - INFO - Γ£à TTT Model meta-tasks evaluation completed
2025-10-12 08:02:55,156 - INFO -   Accuracy: 1.0000 ┬▒ 0.0000
2025-10-12 08:02:55,156 - INFO -   F1-Score: 1.0000 ┬▒ 0.0000
2025-10-12 08:02:55,156 - INFO -   MCC: 1.0000 ┬▒ 0.0000
2025-10-12 08:02:55,156 - INFO - ≡ƒôê Zero-Day Detection Evaluation Results:
2025-10-12 08:02:55,156 - INFO -   ≡ƒÄ» Original Methods (Primary):
2025-10-12 08:02:55,156 - INFO -     Base Model - Accuracy: 0.5000
2025-10-12 08:02:55,156 - INFO -     Base Model - F1: 0.3333
2025-10-12 08:02:55,156 - INFO -     TTT Model - Accuracy: 1.0000
2025-10-12 08:02:55,156 - INFO -     TTT Model - F1: 1.0000
2025-10-12 08:02:55,156 - INFO -   ≡ƒôè Statistical Robustness Methods (Additional):
2025-10-12 08:02:55,156 - INFO -     Base Model (k-fold) - Accuracy: 0.5000 ┬▒ 0.0015
2025-10-12 08:02:55,156 - INFO -     TTT Model (meta-tasks) - Accuracy: 1.0000 ┬▒ 0.0000
2025-10-12 08:02:55,156 - INFO -   ≡ƒôê Improvement - Accuracy: +0.5000, F1: +0.6667
2025-10-12 08:02:55,156 - INFO - ≡ƒôê Evaluating final global model...
2025-10-12 08:02:55,156 - INFO - ≡ƒöì Starting final global model evaluation on Edge-IIoTset...
2025-10-12 08:02:55,162 - WARNING - No valid thresholds found, using default threshold 0.5
2025-10-12 08:02:55,162 - INFO - ≡ƒôê Final Global Model Evaluation Results:
2025-10-12 08:02:55,162 - INFO -   Accuracy: 1.0000
2025-10-12 08:02:55,162 - INFO -   F1-Score: 1.0000
2025-10-12 08:02:55,162 - INFO -   MCC: 1.0000
2025-10-12 08:02:55,162 - INFO -   ROC-AUC: 1.0000
2025-10-12 08:02:55,162 - INFO -   Optimal Threshold: 0.0000
2025-10-12 08:02:55,162 - INFO - ≡ƒôè Generating visualizations...
2025-10-12 08:02:55,162 - INFO - ≡ƒôè Generating performance visualizations...
2025-10-12 08:02:55,162 - INFO - ≡ƒöì DEBUG: self.training_history length: 1
2025-10-12 08:02:55,162 - INFO - ≡ƒöì DEBUG: First round keys: ['round_number', 'client_updates', 'aggregation_result', 
'timestamp']
2025-10-12 08:02:55,162 - INFO - ≡ƒöì DEBUG: Client updates length: 3
2025-10-12 08:02:55,162 - INFO - ≡ƒöì DEBUG: First client update type: <class 
'coordinators.blockchain_fedavg_coordinator.ClientUpdate'>
2025-10-12 08:02:55,162 - INFO - ≡ƒöì Processing round 0 with 3 client updates
2025-10-12 08:02:55,162 - INFO - ≡ƒöì Object client: loss=0.16881127595901488, acc=0.5720000100135803
2025-10-12 08:02:55,162 - INFO - ≡ƒöì Object client: loss=0.11954199941828847, acc=0.7100000047683717
2025-10-12 08:02:55,162 - INFO - ≡ƒöì Object client: loss=0.16301392912864685, acc=0.5640000081062316
2025-10-12 08:02:55,163 - INFO - ≡ƒöì Round summary: 3 valid clients, total_loss=0.45136720450595025, 
total_accuracy=1.8460000228881834
2025-10-12 08:02:55,163 - INFO - ≡ƒöì Added to history: loss=0.15045573483531674, acc=0.6153333409627278
2025-10-12 08:02:55,602 - INFO - Training history plot saved: performance_plots\training_history_latest.png
2025-10-12 08:02:55,602 - INFO - Γ£à Training history plot completed with real data: 1 rounds
2025-10-12 08:02:55,861 - INFO - Confusion matrix plot saved: performance_plots\confusion_matrices__base_model_latest.png
2025-10-12 08:02:55,861 - INFO - Γ£à Base model confusion matrix completed
2025-10-12 08:02:56,136 - INFO - Confusion matrix plot saved: 
performance_plots\confusion_matrices__ttt_enhanced_model_latest.png
2025-10-12 08:02:56,136 - INFO - Γ£à TTT model confusion matrix completed
2025-10-12 08:02:56,147 - INFO - TTT adaptation plot: Using 200 data points (steps: 200, losses: 200)
2025-10-12 08:02:57,216 - INFO - TTT adaptation plot saved: performance_plots\ttt_adaptation_latest.png
2025-10-12 08:02:57,216 - INFO - Γ£à TTT adaptation plot completed with real data
2025-10-12 08:02:57,557 - INFO - Client performance plot saved: performance_plots\client_performance_latest.png
2025-10-12 08:02:57,557 - INFO - Γ£à Client performance plot completed with real data: 3 clients
2025-10-12 08:02:57,557 - INFO - ≡ƒöì DEBUG: plot_blockchain_metrics - gas_used type: <class 'list'>, length: 1, value: 
[66600]
2025-10-12 08:02:58,065 - INFO - Blockchain metrics plot saved: performance_plots\blockchain_metrics_latest.png
2025-10-12 08:02:58,065 - INFO - Γ£à Blockchain metrics plot completed with real data: 1 rounds
2025-10-12 08:02:58,079 - INFO - ≡ƒöì DEBUG: plot_gas_usage_analysis - gas_used: [66600], transactions: 1, types: 0, 
rounds: 1
2025-10-12 08:02:58,752 - INFO - Gas usage analysis plot saved: performance_plots\gas_usage_analysis_latest.png
2025-10-12 08:02:58,752 - INFO - Γ£à Gas usage analysis plot completed with real data
2025-10-12 08:02:59,003 - INFO - ROC curves plot saved: performance_plots\roc_curves_latest.png
2025-10-12 08:02:59,004 - INFO - Γ£à ROC curves plot completed
2025-10-12 08:02:59,459 - INFO - Performance comparison plot with annotations saved: 
performance_plots\performance_comparison_annotated_latest.png
2025-10-12 08:02:59,459 - INFO - Γ£à Performance comparison plot completed
2025-10-12 08:02:59,459 - INFO - Γä╣∩╕Å No real incentive data available, skipping token distribution visualization
2025-10-12 08:02:59,486 - INFO - Performance metrics saved to JSON: performance_plots\performance_metrics_latest.json
2025-10-12 08:02:59,486 - INFO - Γ£à Metrics JSON saved
2025-10-12 08:02:59,486 - INFO - ≡ƒÆ╛ Saving results...
2025-10-12 08:02:59,512 - INFO - Γ£à Results saved to edgeiiot_results_MITM.json
2025-10-12 08:02:59,512 - INFO - ≡ƒôè Generated plots: ['training_history', 'confusion_matrix_base', 
'confusion_matrix_ttt', 'ttt_adaptation', 'client_performance', 'blockchain_metrics', 'gas_usage_analysis', 'roc_curves', 
'performance_comparison', 'metrics_json']
2025-10-12 08:02:59,512 - INFO - 
≡ƒôè PERFORMANCE VISUALIZATIONS GENERATED:
2025-10-12 08:02:59,512 - INFO - ==================================================
2025-10-12 08:02:59,512 - INFO -   training_history: performance_plots\training_history_latest.png
2025-10-12 08:02:59,512 - INFO -   confusion_matrix_base: performance_plots\confusion_matrices__base_model_latest.png
2025-10-12 08:02:59,512 - INFO -   confusion_matrix_ttt: 
performance_plots\confusion_matrices__ttt_enhanced_model_latest.png
2025-10-12 08:02:59,512 - INFO -   ttt_adaptation: performance_plots\ttt_adaptation_latest.png
2025-10-12 08:02:59,512 - INFO -   client_performance: performance_plots\client_performance_latest.png
2025-10-12 08:02:59,512 - INFO -   blockchain_metrics: performance_plots\blockchain_metrics_latest.png
2025-10-12 08:02:59,512 - INFO -   gas_usage_analysis: performance_plots\gas_usage_analysis_latest.png
2025-10-12 08:02:59,512 - INFO -   roc_curves: performance_plots\roc_curves_latest.png
2025-10-12 08:02:59,512 - INFO -   performance_comparison: performance_plots\performance_comparison_annotated_latest.png
2025-10-12 08:02:59,512 - INFO -   metrics_json: performance_plots\performance_metrics_latest.json
2025-10-12 08:02:59,512 - INFO - ≡ƒÄë Edge-IIoTset federated learning system completed successfully!
2025-10-12 08:02:59,512 - INFO - ≡ƒôè System includes:
2025-10-12 08:02:59,512 - INFO -   - Meta-training (distributed meta-learning)
2025-10-12 08:02:59,512 - INFO -   - Federated training with incentives
2025-10-12 08:02:59,512 - INFO -   - Validation monitoring and early stopping
2025-10-12 08:02:59,512 - INFO -   - Zero-day detection evaluation
2025-10-12 08:02:59,512 - INFO -   - Final global model evaluation
2025-10-12 08:02:59,512 - INFO - ≡ƒÄë Zero-day attack 'MITM' test completed successfully!
=== TESTING WITH FIXED CLIENT UPDATE HANDLING ===

GPU Memory: 17.2 GB
